// Vitest Snapshot v1, https://vitest.dev/guide/snapshot.html

exports[`App UI > should render correctly with the prompt input box 1`] = `
"

╭────────────────────────────────────────────────────────────────────────────────────────╮
│ >   Type your message or @path/to/file                                                 │
╰────────────────────────────────────────────────────────────────────────────────────────╯
/test/dir               no sandbox (see /docs)                 model (100% context left)"
`;

exports[`App UI > should render the initial UI correctly 1`] = `
" What do you call a bear with no teeth? A gummy bear... (esc to cancel, 0s)


/test/dir               no sandbox (see /docs)                 model (100% context left)"
`;

exports[`App UI > when in a narrow terminal > should render with a column layout 1`] = `
"


╭────────────────────────────────────────────────────────────────────────────────────────╮
│ >   Type your message or @path/to/file                                                 │
╰────────────────────────────────────────────────────────────────────────────────────────╯
dir

no sandbox (see /docs)

model (100% context left)  | ✖ 5 errors (ctrl+o for details)"
`;
